// Jest Snapshot v1, https://goo.gl/fbAQLP

exports[`logs routes returns persisted logs matching the snapshot 1`] = `
Array [
  Object {
    "created_at": "2024-01-01T00:00:00.000Z",
    "id": 1,
    "log": Object {
      "message": "First entry",
      "userId": 10,
    },
    "severity": "info",
  },
  Object {
    "created_at": "2024-01-02T00:00:00.000Z",
    "id": 2,
    "log": Object {
      "message": "Second entry",
      "userId": 11,
    },
    "severity": "error",
  },
]
`;
